// Jest Snapshot v1, https://goo.gl/fbAQLP

exports[`<FilteredTodoList /> renders the component correctly 1`] = `
<div>
  <div
    class="css-0"
  >
    <div
      class="css-0"
    >
      <p
        class="chakra-text css-0"
      >
        Todo Form
      </p>
      <input
        aria-label="title"
        class="chakra-input css-0"
        value=""
      />
      <button
        class="chakra-button css-0"
        disabled=""
        type="button"
      >
        Create
      </button>
    </div>
    <button
      aria-controls="menu-list-:r1:"
      aria-expanded="false"
      aria-haspopup="menu"
      class="chakra-button chakra-menu__menu-button css-0"
      id="menu-button-:r1:"
      type="button"
    >
      <span
        class="css-0"
      >
        Filters
      </span>
      <span
        class="chakra-button__icon css-0"
      >
        <svg
          aria-hidden="true"
          class="chakra-icon css-0"
          focusable="false"
          viewBox="0 0 24 24"
        >
          <path
            d="M16.59 8.59L12 13.17 7.41 8.59 6 10l6 6 6-6z"
            fill="currentColor"
          />
        </svg>
      </span>
    </button>
    <div
      class="css-0"
      style="visibility: hidden; position: absolute; min-width: max-content; inset: 0 auto auto 0;"
    >
      <div
        aria-orientation="vertical"
        class="chakra-menu__menu-list css-0"
        id="menu-list-:r1:"
        role="menu"
        style="transform-origin: var(--popper-transform-origin); opacity: 0; visibility: hidden; transform: scale(0.8) translateZ(0);"
        tabindex="-1"
      >
        <button
          class="chakra-menu__menuitem css-0"
          data-index="0"
          id="menu-list-:r1:-menuitem-:r2:"
          role="menuitem"
          tabindex="-1"
          type="button"
        >
          All
        </button>
        <button
          class="chakra-menu__menuitem css-0"
          data-index="1"
          id="menu-list-:r1:-menuitem-:r3:"
          role="menuitem"
          tabindex="-1"
          type="button"
        >
          Completed
        </button>
        <button
          class="chakra-menu__menuitem css-0"
          data-index="2"
          id="menu-list-:r1:-menuitem-:r4:"
          role="menuitem"
          tabindex="-1"
          type="button"
        >
          Waiting
        </button>
      </div>
    </div>
    <ul
      class="css-0"
      role="list"
    >
      <li
        class="css-0"
      >
        <p
          class="chakra-text css-0"
        >
          Test todo 1
        </p>
        <div
          class="css-0"
        >
          <button
            class="chakra-button css-0"
            type="button"
          >
            Remove
          </button>
          <button
            class="chakra-button css-0"
            type="button"
          >
            Toggle
          </button>
        </div>
      </li>
      <li
        class="css-0"
      >
        <p
          class="chakra-text css-0"
        >
          Test todo 2
        </p>
        <div
          class="css-0"
        >
          <button
            class="chakra-button css-0"
            type="button"
          >
            Remove
          </button>
          <button
            class="chakra-button css-0"
            type="button"
          >
            Toggle
          </button>
        </div>
      </li>
      <li
        class="css-0"
      >
        <p
          class="chakra-text css-0"
        >
          Test todo 3
        </p>
        <div
          class="css-0"
        >
          <button
            class="chakra-button css-0"
            type="button"
          >
            Remove
          </button>
          <button
            class="chakra-button css-0"
            type="button"
          >
            Toggle
          </button>
        </div>
      </li>
      <li
        class="css-0"
      >
        <p
          class="chakra-text css-0"
        >
          Test todo 4
        </p>
        <div
          class="css-0"
        >
          <button
            class="chakra-button css-0"
            type="button"
          >
            Remove
          </button>
          <button
            class="chakra-button css-0"
            type="button"
          >
            Toggle
          </button>
        </div>
      </li>
    </ul>
  </div>
</div>
`;
